// Jest Snapshot v1, https://goo.gl/fbAQLP

exports[`Quote component renders correctely Quote page matches snapshot 1`] = `
<h2>
  Mathematics is not about numbers, equations, computaions, or algorithms: it is about understanding. William Paul Thurston
</h2>
`;
